desktop failed a-arrival {"active":"body. \"The PineappleAboutTiki HeadPerformance r\"","stage":null,"speaker":null,"topic":null,"spoken":null,"speech":null,"scroll":null,"status":null,"alert":null,"summary":false,"subject":null,"dialog":null,"scrollY":5166}
desktop failed b-president-talking {"active":"section.speech \"The Sardine President\"","stage":"tour","speaker":"The Sardine President","topic":null,"spoken":"This is the Municipal Complaints Bureau. Complaints, questions and project ideas all go in","speech":[12,127,480,144],"scroll":null,"status":null,"alert":null,"summary":false,"subject":null,"dialog":null,"scrollY":5166}
desktop failed c-last-line {"active":"button.speech__button speech__button- \"File a complaint\"","stage":"tour","speaker":"The Sardine President","topic":null,"spoken":"We reached the bottom, and we still answer the mail.","speech":[12,152,480,118],"scroll":null,"status":null,"alert":null,"summary":false,"subject":null,"dialog":null,"scrollY":5166}
desktop failed d-scroll-unrolled {"active":"input[name=subject]. \"\"","stage":"tour","speaker":null,"topic":null,"spoken":null,"speech":null,"scroll":"unrolled/in-world @416,22 608x784","status":"","alert":null,"summary":false,"subject":"","dialog":null,"scrollY":5166}
desktop failed e-validation-errors {"active":"div.complaint-scroll__summary \"The Municipality cannot accept this form\"","stage":"tour","speaker":null,"topic":null,"spoken":null,"speech":null,"scroll":"unrolled/in-world @416,22 608x784","status":"","alert":null,"summary":true,"subject":"","dialog":null,"scrollY":5166}
desktop after Enter in subject {"active":"div.complaint-scroll__summary \"The Municipality cannot accept this form\"","stage":"tour","speaker":null,"topic":null,"spoken":null,"speech":null,"scroll":"unrolled/in-world @416,22 608x784","status":"","alert":null,"summary":true,"subject":"The pineapple leaks again","dialog":null,"scrollY":5166}
desktop failed f-typing {"active":"input[name=replyEmail]. \"\"","stage":"tour","speaker":null,"topic":null,"spoken":null,"speech":null,"scroll":"unrolled/in-world @416,22 608x784","status":"","alert":null,"summary":false,"subject":"The pineapple leaks again","dialog":null,"scrollY":5166}
console Failed to load resource: the server responded with a status of 500 (Internal Server Error)
console Complaint delivery failed. ContactSubmitterError: The contact service is busy. Please try again later.
    at Object.submit (http://localhost:4413/src/app/overlays/complaint-scroll/contact-submitters.
desktop failed g-failed {"active":"button.complaint-scroll__stamp-button \"★ Sardine Municipal Stamp ★Stamp and sen\"","stage":"tour","speaker":null,"topic":null,"spoken":null,"speech":null,"scroll":"unrolled/in-world @416,22 608x784","status":"","alert":"The stamp slipped and your complaint was not sent. Your text","summary":false,"subject":"The pineapple leaks again","dialog":null,"scrollY":5166}
desktop failed provider requests 1
phone failed a-arrival {"active":"body. \"The PineappleAboutTiki HeadPerformance r\"","stage":null,"speaker":null,"topic":null,"spoken":null,"speech":null,"scroll":null,"status":null,"alert":null,"summary":false,"subject":null,"dialog":null,"scrollY":4845}
phone failed b-president-talking {"active":"section.speech \"The Sardine President\"","stage":"tour","speaker":"The Sardine President","topic":null,"spoken":"This is the Municipal Complaints Bureau. Complaints, questions and project ideas all go in","speech":[12,190,366,158],"scroll":null,"status":null,"alert":null,"summary":false,"subject":null,"dialog":null,"scrollY":4845}
phone failed c-last-line {"active":"button.speech__button speech__button- \"File a complaint\"","stage":"tour","speaker":"The Sardine President","topic":null,"spoken":"We reached the bottom, and we still answer the mail.","speech":[12,165,366,183],"scroll":null,"status":null,"alert":null,"summary":false,"subject":null,"dialog":null,"scrollY":4845}
phone failed d-scroll-unrolled {"active":"input[name=subject]. \"\"","stage":"tour","speaker":null,"topic":null,"spoken":null,"speech":null,"scroll":"unrolled/sheet @8,8 374x742","status":"","alert":null,"summary":false,"subject":"","dialog":null,"scrollY":4845}
phone failed e-validation-errors {"active":"div.complaint-scroll__summary \"The Municipality cannot accept this form\"","stage":"tour","speaker":null,"topic":null,"spoken":null,"speech":null,"scroll":"unrolled/sheet @8,8 374x742","status":"","alert":null,"summary":true,"subject":"","dialog":null,"scrollY":4845}
phone after Enter in subject {"active":"div.complaint-scroll__summary \"The Municipality cannot accept this form\"","stage":"tour","speaker":null,"topic":null,"spoken":null,"speech":null,"scroll":"unrolled/sheet @8,8 374x742","status":"","alert":null,"summary":true,"subject":"The pineapple leaks again","dialog":null,"scrollY":4845}
phone failed f-typing {"active":"input[name=replyEmail]. \"\"","stage":"tour","speaker":null,"topic":null,"spoken":null,"speech":null,"scroll":"unrolled/sheet @8,8 374x742","status":"","alert":null,"summary":false,"subject":"The pineapple leaks again","dialog":null,"scrollY":4845}
console Failed to load resource: the server responded with a status of 500 (Internal Server Error)
console Complaint delivery failed. ContactSubmitterError: The contact service is busy. Please try again later.
    at Object.submit (http://localhost:4413/src/app/overlays/complaint-scroll/contact-submitters.
phone failed g-failed {"active":"button.complaint-scroll__stamp-button \"★ Sardine Municipal Stamp ★Stamp and sen\"","stage":"tour","speaker":null,"topic":null,"spoken":null,"speech":null,"scroll":"unrolled/sheet @8,8 374x742","status":"","alert":"The stamp slipped and your complaint was not sent. Your text","summary":false,"subject":"The pineapple leaks again","dialog":null,"scrollY":4845}
phone failed provider requests 1
