desktop original a-arrival {"active":"body. \"The PineappleAboutTiki HeadPerformance reviewsThe \"","region":null,"stage":null,"speaker":null,"topic":null,"spoken":null,"speechRect":null,"labels":[],"panel":null,"dialog":null,"menu":false,"scrollY":3780}
desktop original b-narrator-arrives {"active":"section.speech \"The Crab Clerk\"","region":"The Krusty Krab","stage":"tour","speaker":"The Crab Clerk","topic":null,"spoken":"Welcome to the Krusty Krab. Today's menu is short, and every dish is a real serv","speechRect":[12,197,480,144],"labels":["Sardine President's Brain@562,465/360x64 hidden","Kelp Shake@566,534/351x62 hidden","Complaint Bureau Premium@570,600/342x61 hidden","Bilingual Catch of the Day@573,662/334x59 hidden"],"panel":null,"dialog":null,"menu":false,"scrollY":3780}
desktop original b2-board-flipping {"active":"section.speech \"The Crab Clerk\"","region":"The Krusty Krab","stage":"tour","speaker":"The Crab Clerk","topic":null,"spoken":"Welcome to the Krusty Krab. Today's menu is short, and every dish is a real serv","speechRect":[12,197,480,144],"labels":["Sardine President's Brain@560,467/367x65","Kelp Shake@564,537/358x64","Complaint Bureau Premium@568,604/349x62","Bilingual Catch of the Day@571,667/341x61"],"panel":null,"dialog":null,"menu":false,"scrollY":3780}
desktop original c-crab-talking {"active":"section.speech \"The Crab Clerk\"","region":"The Krusty Krab","stage":"tour","speaker":"The Crab Clerk","topic":null,"spoken":"Welcome to the Krusty Krab. Today's menu is short, and every dish is a real serv","speechRect":[12,197,480,144],"labels":["Sardine President's Brain@557,469/370x66","Kelp Shake@561,539/360x64","Complaint Bureau Premium@565,606/351x62","Bilingual Catch of the Day@569,670/343x61"],"panel":null,"dialog":null,"menu":false,"scrollY":3780}
desktop original d-service-selected {"active":"section.speech \"The Crab Clerk\"","region":"The Krusty Krab","stage":"hint","speaker":"The Crab Clerk","topic":"Price · ⁨Kelp Shake⁩","spoken":"Priced in kelp, negotiable","speechRect":[12,225,480,118],"labels":["Sardine President's Brain@553,470/364x65","Kelp Shake@556,540/464x82 SELECTED","Complaint Bureau Premium@561,606/346x61","Bilingual Catch of the Day@565,668/338x60"],"panel":"⁨Kelp Shake⁩, ⁨SaaS platform architecture⁩: what you get","dialog":null,"menu":false,"scrollY":3780}
desktop original d2-arrow-key {"active":"button.visit-object \"Complaint Bureau Premium, Technical leadership & t\"","region":"The Krusty Krab","stage":"hint","speaker":"The Crab Clerk","topic":"Price · ⁨Complaint Bureau Premium⁩","spoken":"A seat at the reef council","speechRect":[12,228,480,118],"labels":["Sardine President's Brain@550,471/355x63","Kelp Shake@555,539/346x61","Complaint Bureau Premium@557,603/440x78 SELECTED","Bilingual Catch of the Day@563,664/330x59"],"panel":"⁨Complaint Bureau Premium⁩, ⁨Technical leadership & team building⁩: what you get","dialog":null,"menu":false,"scrollY":3780}
desktop original e-last-line {"active":"button.speech__button speech__button--primary \"See the full menu\"","region":"The Krusty Krab","stage":"tour","speaker":"The Crab Clerk","topic":null,"spoken":"Prices are in pearls, kelp and sand dollars. Serious orders go through the Compl","speechRect":[12,205,480,144],"labels":["Sardine President's Brain@550,473/346x62","Kelp Shake@554,539/338x60","Complaint Bureau Premium@558,602/330x59","Bilingual Catch of the Day@562,661/322x57"],"panel":null,"dialog":null,"menu":false,"scrollY":3780}
desktop original f-full-menu {"active":"article.krusty-menu krusty-menu--in-world \"ServicesToday's MenuSardine President's BrainAI ag\"","region":"The Krusty Krab","stage":"tour","speaker":null,"topic":null,"spoken":null,"speechRect":null,"labels":["Sardine President's Brain@0,0/0x0","Kelp Shake@0,0/0x0","Complaint Bureau Premium@0,0/0x0","Bilingual Catch of the Day@0,0/0x0"],"panel":null,"dialog":null,"menu":true,"scrollY":3780}
desktop after-esc-menu {"active":"button.speech__button speech__button--primary \"See the full menu\"","region":"The Krusty Krab","stage":"tour","speaker":"The Crab Clerk","topic":null,"spoken":"Prices are in pearls, kelp and sand dollars. Serious orders go through the Compl","speechRect":[12,207,480,144],"labels":["Sardine President's Brain@552,476/346x62","Kelp Shake@556,542/338x60","Complaint Bureau Premium@560,604/330x59","Bilingual Catch of the Day@564,664/322x57"],"panel":null,"dialog":null,"menu":false,"scrollY":3780}
desktop original g1-farewell {"active":"button.lmk-index__item \"The Krusty KrabServices menu\"","region":null,"stage":"farewell","speaker":"The Crab Clerk","topic":null,"spoken":"Enjoy your meal. The Bureau is next, for complaints and project ideas alike.","speechRect":[12,259,480,94],"labels":["Sardine President's Brain@580,878/300x53 hidden","Kelp Shake@583,926/293x52 hidden","Complaint Bureau Premium@586,972/287x51 hidden","Bilingual Catch of the Day@589,1016/281x50 hidden"],"panel":null,"dialog":null,"menu":false,"scrollY":3780}
desktop original g2-after-leaving {"active":"button.lmk-index__item \"The Krusty KrabServices menu\"","region":null,"stage":null,"speaker":null,"topic":null,"spoken":null,"speechRect":null,"labels":[],"panel":null,"dialog":null,"menu":false,"scrollY":3780}
node:internal/modules/run_main:107
    triggerUncaughtException(
    ^

page.goto: net::ERR_CONNECTION_REFUSED at http://localhost:4412/?quality=high
Call log:
[2m  - navigating to "http://localhost:4412/?quality=high", waiting until "networkidle"[22m

    at D:\projects\qa3elhamor\.ptah\specs\landmark-krusty-krab\capture.mjs:163:19 {
  log: [
    '  - navigating to "http://localhost:4412/?quality=high", waiting until "networkidle"'
  ],
  name: 'Error'
}

Node.js v24.15.0
